2026-09-13T08:14:05.220653+00:00 start jobs=120 workers=4
2026-09-13T08:14:06.438615+00:00 done eval_id=p1-id38-i31 arm=no_tool status=completed file=p1-id38-i31--no_tool.json
2026-09-13T08:14:06.712526+00:00 done eval_id=p1-id22-i02 arm=no_tool status=completed file=p1-id22-i02--no_tool.json
2026-09-13T08:14:06.778087+00:00 done eval_id=p1-id38-i31 arm=calculator status=completed file=p1-id38-i31--calculator.json
2026-09-13T08:14:08.355772+00:00 done eval_id=p1-id33-i27 arm=no_tool status=completed file=p1-id33-i27--no_tool.json
2026-09-13T08:14:08.770513+00:00 done eval_id=p2-id49-i04 arm=no_tool status=completed file=p2-id49-i04--no_tool.json
2026-09-13T08:14:09.466573+00:00 done eval_id=main-id44-i39 arm=calculator status=completed file=main-id44-i39--calculator.json
2026-09-13T08:14:09.904179+00:00 done eval_id=p2-id24-i08 arm=no_tool status=completed file=p2-id24-i08--no_tool.json
2026-09-13T08:14:13.366998+00:00 done eval_id=p2-id39-i26 arm=calculator status=completed file=p2-id39-i26--calculator.json
2026-09-13T08:14:13.439109+00:00 done eval_id=p1-id40-i40 arm=no_tool status=completed file=p1-id40-i40--no_tool.json
2026-09-13T08:14:15.898302+00:00 done eval_id=p2-id19-i05 arm=no_tool status=completed file=p2-id19-i05--no_tool.json
2026-09-13T08:14:18.510600+00:00 done eval_id=p2-id31-i02 arm=no_tool status=completed file=p2-id31-i02--no_tool.json
2026-09-13T08:14:18.775240+00:00 done eval_id=p2-id05-i28 arm=no_tool status=completed file=p2-id05-i28--no_tool.json
2026-09-13T08:14:21.087884+00:00 done eval_id=p1-id19-i05 arm=no_tool status=completed file=p1-id19-i05--no_tool.json
2026-09-13T08:14:23.070078+00:00 done eval_id=p1-id45-i31 arm=no_tool status=completed file=p1-id45-i31--no_tool.json
2026-09-13T08:14:25.960383+00:00 done eval_id=p1-id10-i44 arm=no_tool status=completed file=p1-id10-i44--no_tool.json
2026-09-13T08:14:27.464006+00:00 done eval_id=p2-id05-i28 arm=calculator status=completed file=p2-id05-i28--calculator.json
2026-09-13T08:14:28.004414+00:00 done eval_id=p2-id38-i31 arm=no_tool status=completed file=p2-id38-i31--no_tool.json
2026-09-13T08:14:29.200002+00:00 done eval_id=main-id33-i27 arm=no_tool status=completed file=main-id33-i27--no_tool.json
2026-09-13T08:14:29.695481+00:00 done eval_id=main-id26-i27 arm=calculator status=completed file=main-id26-i27--calculator.json
2026-09-13T08:14:30.252590+00:00 done eval_id=p1-id21-i34 arm=no_tool status=completed file=p1-id21-i34--no_tool.json
2026-09-13T08:14:31.251886+00:00 done eval_id=main-id10-i44 arm=no_tool status=completed file=main-id10-i44--no_tool.json
2026-09-13T08:14:31.522936+00:00 done eval_id=main-id49-i04 arm=no_tool status=completed file=main-id49-i04--no_tool.json
2026-09-13T08:14:34.174249+00:00 done eval_id=p1-id27-i42 arm=calculator status=completed file=p1-id27-i42--calculator.json
2026-09-13T08:14:35.120893+00:00 done eval_id=p1-id40-i40 arm=calculator status=completed file=p1-id40-i40--calculator.json
2026-09-13T08:14:37.194254+00:00 done eval_id=p1-id31-i02 arm=no_tool status=completed file=p1-id31-i02--no_tool.json
2026-09-13T08:14:37.243875+00:00 done eval_id=p2-id16-i36 arm=calculator status=completed file=p2-id16-i36--calculator.json
2026-09-13T08:14:37.437564+00:00 done eval_id=p2-id27-i42 arm=calculator status=completed file=p2-id27-i42--calculator.json
2026-09-13T08:14:40.336466+00:00 done eval_id=p2-id40-i40 arm=no_tool status=completed file=p2-id40-i40--no_tool.json
2026-09-13T08:14:41.389769+00:00 done eval_id=p2-id49-i04 arm=calculator status=completed file=p2-id49-i04--calculator.json
2026-09-13T08:14:41.879824+00:00 done eval_id=main-id22-i02 arm=calculator status=completed file=main-id22-i02--calculator.json
2026-09-13T08:14:42.784259+00:00 done eval_id=main-id27-i42 arm=no_tool status=completed file=main-id27-i42--no_tool.json
2026-09-13T08:14:43.548464+00:00 done eval_id=p2-id38-i31 arm=calculator status=completed file=p2-id38-i31--calculator.json
2026-09-13T08:14:43.739473+00:00 done eval_id=main-id26-i27 arm=no_tool status=completed file=main-id26-i27--no_tool.json
2026-09-13T08:14:43.867751+00:00 done eval_id=p2-id19-i05 arm=calculator status=completed file=p2-id19-i05--calculator.json
2026-09-13T08:14:44.573158+00:00 done eval_id=main-id05-i28 arm=calculator status=completed file=main-id05-i28--calculator.json
2026-09-13T08:14:44.637239+00:00 done eval_id=p2-id44-i39 arm=calculator status=completed file=p2-id44-i39--calculator.json
2026-09-13T08:14:45.591538+00:00 done eval_id=p2-id44-i39 arm=no_tool status=completed file=p2-id44-i39--no_tool.json
2026-09-13T08:14:46.268459+00:00 done eval_id=main-id10-i44 arm=calculator status=completed file=main-id10-i44--calculator.json
2026-09-13T08:14:49.500804+00:00 done eval_id=main-id25-i38 arm=calculator status=completed file=main-id25-i38--calculator.json
2026-09-13T08:14:51.095092+00:00 done eval_id=p2-id16-i36 arm=no_tool status=completed file=p2-id16-i36--no_tool.json
2026-09-13T08:14:51.526057+00:00 done eval_id=main-id31-i02 arm=calculator status=completed file=main-id31-i02--calculator.json
2026-09-13T08:14:53.170741+00:00 done eval_id=main-id24-i08 arm=no_tool status=completed file=main-id24-i08--no_tool.json
2026-09-13T08:14:53.915480+00:00 done eval_id=p1-id44-i39 arm=calculator status=completed file=p1-id44-i39--calculator.json
2026-09-13T08:14:54.825097+00:00 done eval_id=p2-id21-i34 arm=calculator status=completed file=p2-id21-i34--calculator.json
2026-09-13T08:14:55.129936+00:00 done eval_id=p2-id22-i02 arm=no_tool status=completed file=p2-id22-i02--no_tool.json
2026-09-13T08:14:55.751757+00:00 done eval_id=main-id30-i35 arm=no_tool status=completed file=main-id30-i35--no_tool.json
2026-09-13T08:14:55.887310+00:00 done eval_id=main-id39-i26 arm=calculator status=completed file=main-id39-i26--calculator.json
2026-09-13T08:14:56.683038+00:00 done eval_id=p2-id41-i23 arm=no_tool status=completed file=p2-id41-i23--no_tool.json
2026-09-13T08:14:58.131880+00:00 done eval_id=main-id38-i31 arm=calculator status=completed file=main-id38-i31--calculator.json
2026-09-13T08:14:58.981788+00:00 done eval_id=main-id31-i02 arm=no_tool status=completed file=main-id31-i02--no_tool.json
2026-09-13T08:14:59.935193+00:00 done eval_id=p2-id10-i44 arm=calculator status=completed file=p2-id10-i44--calculator.json
2026-09-13T08:15:00.712735+00:00 done eval_id=p2-id33-i27 arm=calculator status=completed file=p2-id33-i27--calculator.json
2026-09-13T08:15:00.770589+00:00 done eval_id=p1-id05-i28 arm=calculator status=completed file=p1-id05-i28--calculator.json
2026-09-13T08:15:02.283976+00:00 done eval_id=main-id39-i26 arm=no_tool status=completed file=main-id39-i26--no_tool.json
2026-09-13T08:15:03.159212+00:00 done eval_id=p1-id41-i23 arm=calculator status=completed file=p1-id41-i23--calculator.json
2026-09-13T08:15:05.563894+00:00 done eval_id=p2-id30-i35 arm=calculator status=completed file=p2-id30-i35--calculator.json
2026-09-13T08:15:06.210211+00:00 done eval_id=main-id38-i31 arm=no_tool status=completed file=main-id38-i31--no_tool.json
2026-09-13T08:15:06.385360+00:00 done eval_id=p1-id16-i36 arm=no_tool status=completed file=p1-id16-i36--no_tool.json
2026-09-13T08:15:07.738142+00:00 done eval_id=main-id21-i34 arm=calculator status=completed file=main-id21-i34--calculator.json
2026-09-13T08:15:09.934883+00:00 done eval_id=p1-id24-i08 arm=calculator status=completed file=p1-id24-i08--calculator.json
2026-09-13T08:15:11.211653+00:00 done eval_id=p1-id30-i35 arm=no_tool status=completed file=p1-id30-i35--no_tool.json
2026-09-13T08:15:11.398179+00:00 done eval_id=p2-id30-i35 arm=no_tool status=completed file=p2-id30-i35--no_tool.json
2026-09-13T08:15:11.405815+00:00 done eval_id=p1-id19-i05 arm=calculator status=completed file=p1-id19-i05--calculator.json
2026-09-13T08:15:13.339057+00:00 done eval_id=main-id27-i42 arm=calculator status=completed file=main-id27-i42--calculator.json
2026-09-13T08:15:13.988665+00:00 done eval_id=p2-id22-i02 arm=calculator status=completed file=p2-id22-i02--calculator.json
2026-09-13T08:15:14.070279+00:00 done eval_id=p2-id45-i31 arm=calculator status=completed file=p2-id45-i31--calculator.json
2026-09-13T08:15:15.017215+00:00 done eval_id=main-id44-i39 arm=no_tool status=completed file=main-id44-i39--no_tool.json
2026-09-13T08:15:15.918728+00:00 done eval_id=p2-id41-i23 arm=calculator status=completed file=p2-id41-i23--calculator.json
2026-09-13T08:15:17.369519+00:00 done eval_id=main-id16-i36 arm=calculator status=completed file=main-id16-i36--calculator.json
2026-09-13T08:15:17.873435+00:00 done eval_id=p2-id10-i44 arm=no_tool status=completed file=p2-id10-i44--no_tool.json
2026-09-13T08:15:17.904719+00:00 done eval_id=p1-id39-i26 arm=no_tool status=completed file=p1-id39-i26--no_tool.json
2026-09-13T08:15:18.093381+00:00 done eval_id=main-id19-i05 arm=no_tool status=completed file=main-id19-i05--no_tool.json
2026-09-13T08:15:19.165346+00:00 done eval_id=main-id25-i38 arm=no_tool status=completed file=main-id25-i38--no_tool.json
2026-09-13T08:15:19.400170+00:00 done eval_id=p1-id41-i23 arm=no_tool status=completed file=p1-id41-i23--no_tool.json
2026-09-13T08:15:19.789887+00:00 done eval_id=p1-id26-i27 arm=no_tool status=completed file=p1-id26-i27--no_tool.json
2026-09-13T08:15:22.508645+00:00 done eval_id=p1-id39-i26 arm=calculator status=completed file=p1-id39-i26--calculator.json
2026-09-13T08:15:24.452111+00:00 done eval_id=p1-id30-i35 arm=calculator status=completed file=p1-id30-i35--calculator.json
2026-09-13T08:15:25.109507+00:00 done eval_id=p1-id49-i04 arm=no_tool status=completed file=p1-id49-i04--no_tool.json
2026-09-13T08:15:25.587415+00:00 done eval_id=main-id41-i23 arm=no_tool status=completed file=main-id41-i23--no_tool.json
2026-09-13T08:15:26.504851+00:00 done eval_id=p1-id31-i02 arm=calculator status=completed file=p1-id31-i02--calculator.json
2026-09-13T08:15:29.689030+00:00 done eval_id=p2-id26-i27 arm=no_tool status=completed file=p2-id26-i27--no_tool.json
2026-09-13T08:15:31.520061+00:00 done eval_id=p2-id27-i42 arm=no_tool status=completed file=p2-id27-i42--no_tool.json
2026-09-13T08:15:34.269365+00:00 done eval_id=p2-id33-i27 arm=no_tool status=completed file=p2-id33-i27--no_tool.json
2026-09-13T08:15:50.028932+00:00 done eval_id=p1-id45-i31 arm=calculator status=completed file=p1-id45-i31--calculator.json
2026-09-13T08:15:51.845245+00:00 done eval_id=main-id45-i31 arm=no_tool status=completed file=main-id45-i31--no_tool.json
2026-09-13T08:15:52.085504+00:00 done eval_id=main-id41-i23 arm=calculator status=completed file=main-id41-i23--calculator.json
2026-09-13T08:15:56.041778+00:00 done eval_id=main-id40-i40 arm=no_tool status=completed file=main-id40-i40--no_tool.json
2026-09-13T08:15:57.886725+00:00 done eval_id=main-id49-i04 arm=calculator status=completed file=main-id49-i04--calculator.json
2026-09-13T08:15:58.023081+00:00 done eval_id=p1-id05-i28 arm=no_tool status=completed file=p1-id05-i28--no_tool.json
2026-09-13T08:15:59.120850+00:00 done eval_id=main-id05-i28 arm=no_tool status=completed file=main-id05-i28--no_tool.json
2026-09-13T08:16:00.453266+00:00 done eval_id=p2-id26-i27 arm=calculator status=completed file=p2-id26-i27--calculator.json
2026-09-13T08:16:00.778506+00:00 done eval_id=p2-id39-i26 arm=no_tool status=completed file=p2-id39-i26--no_tool.json
2026-09-13T08:16:02.651597+00:00 done eval_id=main-id16-i36 arm=no_tool status=completed file=main-id16-i36--no_tool.json
2026-09-13T08:16:03.931247+00:00 done eval_id=main-id19-i05 arm=calculator status=completed file=main-id19-i05--calculator.json
2026-09-13T08:16:04.743035+00:00 done eval_id=p2-id25-i38 arm=calculator status=completed file=p2-id25-i38--calculator.json
2026-09-13T08:16:05.041720+00:00 done eval_id=main-id21-i34 arm=no_tool status=completed file=main-id21-i34--no_tool.json
2026-09-13T08:16:06.116845+00:00 done eval_id=p1-id33-i27 arm=calculator status=completed file=p1-id33-i27--calculator.json
2026-09-13T08:16:07.158761+00:00 done eval_id=p2-id45-i31 arm=no_tool status=completed file=p2-id45-i31--no_tool.json
2026-09-13T08:16:07.708805+00:00 done eval_id=p2-id21-i34 arm=no_tool status=completed file=p2-id21-i34--no_tool.json
2026-09-13T08:16:08.448768+00:00 done eval_id=p2-id40-i40 arm=calculator status=completed file=p2-id40-i40--calculator.json
2026-09-13T08:16:10.463709+00:00 done eval_id=p1-id22-i02 arm=calculator status=completed file=p1-id22-i02--calculator.json
2026-09-13T08:16:10.527304+00:00 done eval_id=p1-id49-i04 arm=calculator status=completed file=p1-id49-i04--calculator.json
2026-09-13T08:16:11.256814+00:00 done eval_id=p1-id44-i39 arm=no_tool status=completed file=p1-id44-i39--no_tool.json
2026-09-13T08:16:11.460737+00:00 done eval_id=p1-id21-i34 arm=calculator status=completed file=p1-id21-i34--calculator.json
2026-09-13T08:16:13.101660+00:00 done eval_id=main-id33-i27 arm=calculator status=completed file=main-id33-i27--calculator.json
2026-09-13T08:16:13.423042+00:00 done eval_id=main-id24-i08 arm=calculator status=completed file=main-id24-i08--calculator.json
2026-09-13T08:16:13.862091+00:00 done eval_id=p2-id24-i08 arm=calculator status=completed file=p2-id24-i08--calculator.json
2026-09-13T08:16:14.503427+00:00 done eval_id=main-id30-i35 arm=calculator status=completed file=main-id30-i35--calculator.json
2026-09-13T08:16:16.600540+00:00 done eval_id=p1-id26-i27 arm=calculator status=completed file=p1-id26-i27--calculator.json
2026-09-13T08:16:17.849720+00:00 done eval_id=p2-id31-i02 arm=calculator status=completed file=p2-id31-i02--calculator.json
2026-09-13T08:16:19.484445+00:00 done eval_id=p1-id27-i42 arm=no_tool status=completed file=p1-id27-i42--no_tool.json
2026-09-13T08:16:19.499656+00:00 done eval_id=p1-id25-i38 arm=no_tool status=completed file=p1-id25-i38--no_tool.json
2026-09-13T08:16:20.228416+00:00 done eval_id=main-id40-i40 arm=calculator status=completed file=main-id40-i40--calculator.json
2026-09-13T08:16:23.836381+00:00 done eval_id=p1-id16-i36 arm=calculator status=completed file=p1-id16-i36--calculator.json
2026-09-13T08:16:24.206507+00:00 done eval_id=p1-id10-i44 arm=calculator status=completed file=p1-id10-i44--calculator.json
2026-09-13T08:16:31.452829+00:00 done eval_id=p2-id25-i38 arm=no_tool status=completed file=p2-id25-i38--no_tool.json
2026-09-13T08:16:32.534568+00:00 done eval_id=main-id22-i02 arm=no_tool status=completed file=main-id22-i02--no_tool.json
2026-09-13T08:16:45.971811+00:00 done eval_id=main-id45-i31 arm=calculator status=completed file=main-id45-i31--calculator.json
2026-09-13T08:16:56.360549+00:00 done eval_id=p1-id25-i38 arm=calculator status=completed file=p1-id25-i38--calculator.json
2026-09-13T08:16:56.731213+00:00 done eval_id=p1-id24-i08 arm=no_tool status=completed file=p1-id24-i08--no_tool.json
2026-09-13T08:16:56.733824+00:00 finish counts={"completed": 120}
